>Otu1
TGCGTAGGCTGTTTCGTAAGTCGTGTGTGAAAGGCGCGGGCTCAACCCGCGGACGGCACATGATACTGCGAGACTAGAGT
AATGGAGGGGGAACCGGAATTCTCGGTGTAGCAGTGAAATGCGTAGATATCGAGAGGAACACTCGTGGCGAAGGCGGGTT
CCTGGACATTAACTGACGCTGAGGCACGAAGGCCAGGGGAGCGAAAGGGATTAGATACCCCTGTAGTCCTGGCAGTAAAC
GGTGCACGCTTGGTGTGCGGGGAATCGACCCCCTGCGTGCCGGAGCTAACGCGTTAAGCGTGCCGCCTGGGGAGTACGGT
CGCAAGATTAAA
>Otu2
TTCATTCTTGCGAACGTACTCCCCAGGTGGAATACTTATTGCGTTTGCTGCGGCACCGAATGGCTTTGCCACCCGACACC
TAGTATTCATCGTTTACGGCGTGGACTACCAGGGTATCTAATCCTGTTTGCTCCCCACGCTTTCGAGCCTCAACGTCAGT
TACCGTCCAGTAAGCCGCCTTCGCCACTGGTGTTCCTCCTAATATCTACGCATTTCACCGCTACACTAGGAATTCCGCTT
ACCTCTCCGGCACTCTAGAAAAACAGTTTCCAATGCAGTCCTGGGGTTAAGCCCCAGCCTTTCACATCAGACTTGCTCTT
CCGTCTACGCT
>Otu3
TTTAATCTTGCGACCGTACTCCCCAGGCGGCACGCTTAACGCGTTAGCTCCGGCACGCAGGGGGTCGATTCCCCGCACAC
CAAGCGTGCACCGTTTACTGCCAGGACTACAGGGGTATCTAATCCCTTTCGCTCCCCTGGCCTTCGTGCCTCAGCGTCAG
TTAATGTCCAGGAACCCGCCTTCGCCACGAGTGTTCCTCTCGATATCTACGCATTTCACTGCTACACCGAGAATTCCGGT
TCCCCCTCCATTACTCTAGTCTCGCAGTATCATGTGCCGTCCGCGGGTTGAGCCCGCGCCTTTCACACACGACTTACGAA
ACAGCCTACGCA
>Otu4
AGCGTAGACGGAAGAGCAAGTCTGATGTGAAAGGCTGGGGCTTAACCCCAGGACTGCATTGGAAACTGTTTTTCTAGAGT
GCCGGAGAGGTAAGCGGAATTCCTAGTGTAGCGGTGAAATGCGTAGATATTAGGAGGAACACCAGTGGCGAAGGCGGCTT
ACTGGACGGTAACTGACGTTGAGGCTCGAAAGCGTGGGGAGCAAACAGGATTAGATACCCTGGTAGTCCACGCCGTAAAC
GATGAATACTAGGTGTCGGGTGGCAAAGCCATTCGGTGCCGCAGCAAACGCAATAAGTATTCCACCTGGGGAGTACGTTC
GCAAGAATGAA
>Otu5
AGCGCAGGCGGTTTCTTAAGTCTGATGTGAAAGCCCCCGGCTCAACCGGGGAGGGTCATTGGAAACTGGGAGACTTGAGT
GCAGAAGAGGAGAGTGGAATTCCATGTGTAGCGGTGAAATGCGTAGATATATGGAGGAACACCAGTGGCGAAGGCGGCTC
TCTGGTCTGTAACTGACGCTGAGGCTCGAAAGCGTGGGGAGCAAACAGGATTAGATACCCTGGTAGTCCACGCCGTAAAC
GATGAGTGCTAAGTGTTGGAGGGTTTCCGCCCTTCAGTGCTGCAGCAAACGCATTAAGCACTCCGCCTGGGGAGTACGAC
CGCAAGGTTGAA
>Otu6
TTCAACCTTGCGGTCGTACTCCCCAGGCGGAGTGCTTAATGCGTTTGCTGCAGCACTGAAGGGCGGAAACCCTCCAACAC
TTAGCACTCATCGTTTACGGCGTGGACTACCAGGGTATCTAATCCTGTTTGCTCCCCACGCTTTCGAGCCTCAGCGTCAG
TTACAGACCAGAGAGCCGCCTTCGCCACTGGTGTTCCTCCATATATCTACGCATTTCACCGCTACACATGGAATTCCACT
CTCCTCTTCTGCACTCAAGTCTCCCAGTTTCCAATGACCCTCCCCGGTTGAGCCGGGGGCTTTCACATCAGACTTAAGAA
ACCGCCTGCGCT
>Otu7
CACGTAGGCGGTGAATCGGGTTGAAAGTGAAAGTCGCCAAAAAGTGGCGGAATGCTCTCGAAACCAATTCACTTGAGTGA
GACAGAGGAGAGTGGAATTTCGTGTGTAGGGGTGAAATCCGTAGATCTACGAAGGAACGCCAAAAGCGAAGGCAGCTCTC
TGGGTCCCTACCGACGCTGGGGTGCGAAAGCATGGGGAGCGAACAGGATTAGATACCCTGGTAGTCCATGCCGTAAACGA
TGAGTGTTCGCCCTTGGTCTACGCGGATCAGGGGCCCAGCTAACGCGTGAAACACTCCGCCTGGGGAGTACGGTCGCAAG
ACCGAA
>Otu8
TTCGGTCTTGCGACCGTACTCCCCAGGCGGAGTGTTTCACGCGTTAGCTGGGCCCCTGATCCGCGTAGACCAAGGGCGAA
CACTCATCGTTTACGGCATGGACTACCAGGGTATCTAATCCTGTTCGCTCCCCATGCTTTCGCACCCCAGCGTCGGTAGG
GACCCAGAGAGCTGCCTTCGCTTTTGGCGTTCCTTCGTAGATCTACGGATTTCACCCCTACACACGAAATTCCACTCTCC
TCTGTCTCACTCAAGTGAATTGGTTTCGAGAGCATTCCGCCACTTTTTGGCGACTTTCACTTTCAACCCGATTCACCGCC
TACGTG
>Otu9
TCTGTAGGTGGCTTTTCAAGTCCGCCGTCAAATCCCAGGGCTCAACCCTGGACAGGCGGTGGAAACTACCAAGCTGGAGT
ACGGTAGGGGCAGAGGGAATTTCCGGTGGAGCGGTGAAATGCATTGAGATCGGAAAGAACACCAACGGCGAAAGCACTCT
GCTGGGCCGACACTGACACTGAGAGACGAAAGCTAGGGGAGCAAATGGGATTAGAGACCCCAGTAGTCCTAGCCGTAAAC
GATGGATACTAGGTGCTGTGCGACTCGACCCGTGCAGTGCTGTAGCTAACGCGTTAAGTATCCCGCCTGGGGAGTACGTT
CGCAAGAATGAA
>Otu10
TTCATTCTTGCGAACGTACTCCCCAGGCGGGATACTTAACGCGTTAGCTACAGCACTGCACGGGTCGAGTCGCACAGCAC
CTAGTATCCATCGTTTACGGCTAGGACTACTGGGGTCTCTAATCCCATTTGCTCCCCTAGCTTTCGTCTCTCAGTGTCAG
TGTCGGCCCAGCAGAGTGCTTTCGCCGTTGGTGTTCTTTCCGATCTCAATGCATTTCACCGCTCCACCGGAAATTCCCTC
TGCCCCTACCGTACTCCAGCTTGGTAGTTTCCACCGCCTGTCCAGGGTTGAGCCCTGGGATTTGACGGCGGACTTGAAAA
GCCACCTACAGA
>Otu11
TTCAGTCTTGCGACCGTACTCCCCAGGCGGAGTGCTTATTGCGTTAACTCCAGCACTGAAGGGTGGAAACCCTCCAACAC
TTAGCACTCATCGTTTACGGCGTGGACTACCAGGGTATCTAATCCTGTTTGCTCCCCACGCTTTCGAGCCTCAGCGTCAG
TTACAGACCAGAAAGTCGCCTTCGCCACTGGTGTTCCTCCATATATCTACGCATTTCACCGCTACACATGGAATTCCACT
TTCCTCTTCTGCACTCAAGTGACCCAGTTTCCAATGACCTTCCACGGTTGAGCCGTGGGCTTTCACATCAGACTTAAGTC
ACCGCCTGCGCT
>Otu12
TTCAACCTTGCGGTCGTACTCCCCAGGCGGAGTGCTTAATGCGTTAGCTGCAGCACTAAGGGGCGGAAACCCCCTAACAC
TTAGCACTCATCGTTTACGGCGTGGACTACCAGGGTATCTAATCCTGTTTGATCCCCACGCTTTCGCACATCAGCGTCAG
TTACAGACCAGAAAGTCGCCTTCGCCACTGGTGTTCCTCCATATCTCTGCGCATTTCACCGCTACACATGGAATTCCACT
TTCCTCTTCTGCACTCAAGTTTCCCAGTTTCCAATGACCCTCCACGGTTGAGCCGTGGGCTTTCACATCAGACTTAAGAA
ACCGCCTACGCG
>Otu13
TTTAGCCTTGCGGCCGTACTCCCCAGGCGGGGCACTTAATGCGTTAGCTACGACGCGGAAAACGTGGAATGTTCCCCACA
TCTAGTGCCCAACGTTTACGGCATGGACTACCAGGGTATCTAATCCTGTTCGCTACCCATGCTTTCGCTCCTCAGTGTCA
GTAATGGCCCAGAGACCTGCCTTCGCCATCGGTGTTCTTCCTGATATCTGCGCATTTCACCGCTACACCAGGAGTTCCAG
TCTCCCCTACCACACTCTAGCCTGCCCGTACCCACCGCACGCCCGAGGTTGAGCCTCGGGTTTTCACGGCAGACGCGACA
AGCCACCTACGAG
>Otu14
CACATAGGCGGTGAATCTAGTTGAAAGTGAAAGTCACCAAAAAGTGGCAGAATGCTCTCGAAACCAATTCACTTGAGTGA
GACAGAGGAGAGTGGAATTTCGTGTGTAGGGGTGAAATTCGTAGATCTACGAAGGAATGCCAAAAGCGAAGGCAGCTCTC
TGGGTCCCTACCGACGCTGGGGTGCGAAAGCATGGGGAGCGAACATGATTAGATACCCTGGTAGTCCATGTTGTAAATGA
TGAGTGTTCGCCCTTGGTCTATGCGGATCAGCGGCCCAGCTAACGCGTGAAACACTCCGCCTGGGGAGTACGGTCGCAAG
ACCGAA
