Uniq1;size=1757;	otu1	*
Uniq2;size=1691;	otu2	*
Uniq3;size=1610;	otu3	dqt=86;
Uniq4;size=1225;	otu4	dqt=86;
Uniq5;size=299;	otu5	dqt=63;
Uniq6;size=271;	otu6	dqt=63;
Uniq7;size=31;	otu7	dqt=94;
Uniq8;size=22;	otu8	dqt=94;
Uniq9;size=13;	match	dqt=1;top=Otu1(99.7%);
Uniq10;size=10;	match	dqt=1;top=Otu1(99.7%);
Uniq11;size=10;	match	dqt=1;top=Otu2(99.7%);
Uniq12;size=9;	match	dqt=1;top=Otu2(99.7%);
Uniq13;size=8;	match	dqt=1;top=Otu1(99.7%);
Uniq14;size=8;	match	dqt=1;top=Otu2(99.7%);
Uniq15;size=8;	match	dqt=1;top=Otu6(99.7%);
Uniq16;size=8;	match	dqt=1;top=Otu4(99.7%);
Uniq17;size=7;	match	dqt=1;top=Otu3(99.7%);
Uniq18;size=7;	match	dqt=1;top=Otu1(99.7%);
Uniq19;size=7;	match	dqt=1;top=Otu1(99.7%);
Uniq20;size=7;	match	dqt=1;top=Otu1(99.7%);
Uniq21;size=7;	match	dqt=1;top=Otu4(99.7%);
Uniq22;size=7;	match	dqt=1;top=Otu4(99.7%);
Uniq23;size=6;	match	dqt=1;top=Otu1(99.7%);
Uniq24;size=6;	match	dqt=1;top=Otu1(99.7%);
Uniq25;size=6;	match	dqt=1;top=Otu1(99.7%);
Uniq26;size=6;	match	dqt=1;top=Otu2(99.7%);
Uniq27;size=6;	match	dqt=1;top=Otu2(99.7%);
Uniq28;size=6;	match	dqt=1;top=Otu2(99.7%);
Uniq29;size=6;	match	dqt=1;top=Otu2(99.7%);
Uniq30;size=6;	match	dqt=1;top=Otu1(99.7%);
Uniq31;size=6;	match	dqt=1;top=Otu3(99.7%);
Uniq32;size=6;	match	dqt=1;top=Otu3(99.7%);
Uniq33;size=6;	match	dqt=1;top=Otu4(99.7%);
Uniq34;size=6;	match	dqt=1;top=Otu1(99.7%);
Uniq35;size=6;	match	dqt=1;top=Otu1(99.7%);
Uniq36;size=5;	match	dqt=1;top=Otu2(99.7%);
Uniq37;size=5;	match	dqt=1;top=Otu1(99.7%);
Uniq38;size=5;	match	dqt=1;top=Otu1(99.7%);
Uniq39;size=5;	match	dqt=1;top=Otu1(99.7%);
Uniq40;size=5;	match	dqt=1;top=Otu2(99.7%);
Uniq41;size=5;	match	dqt=1;top=Otu2(99.7%);
Uniq42;size=5;	match	dqt=1;top=Otu4(99.7%);
Uniq43;size=5;	match	dqt=1;top=Otu2(99.7%);
Uniq44;size=5;	match	dqt=1;top=Otu1(99.7%);
Uniq45;size=5;	match	dqt=1;top=Otu2(99.7%);
Uniq46;size=5;	match	dqt=1;top=Otu3(99.7%);
Uniq47;size=5;	match	dqt=1;top=Otu3(99.7%);
Uniq48;size=5;	match	dqt=1;top=Otu2(99.7%);
Uniq49;size=5;	match	dqt=1;top=Otu1(99.7%);
Uniq50;size=5;	match	dqt=1;top=Otu5(99.7%);
Uniq51;size=5;	match	dqt=1;top=Otu1(99.7%);
Uniq52;size=5;	match	dqt=1;top=Otu6(99.7%);
Uniq53;size=5;	match	dqt=1;top=Otu1(99.7%);
Uniq54;size=4;	match	dqt=1;top=Otu1(99.7%);
Uniq55;size=4;	match	dqt=1;top=Otu1(99.7%);
Uniq56;size=4;	match	dqt=1;top=Otu2(99.7%);
Uniq57;size=4;	match	dqt=1;top=Otu1(99.7%);
Uniq58;size=4;	match	dqt=1;top=Otu1(99.7%);
Uniq59;size=4;	match	dqt=1;top=Otu5(99.7%);
Uniq60;size=4;	match	dqt=1;top=Otu2(99.7%);
Uniq61;size=4;	match	dqt=1;top=Otu2(99.7%);
Uniq62;size=4;	match	dqt=1;top=Otu2(99.7%);
Uniq63;size=4;	match	dqt=1;top=Otu2(99.7%);
Uniq64;size=4;	otu9	dqt=99;
Uniq65;size=4;	match	dqt=1;top=Otu2(99.7%);
Uniq66;size=4;	match	dqt=1;top=Otu1(99.7%);
Uniq67;size=4;	match	dqt=1;top=Otu4(99.7%);
Uniq68;size=4;	match	dqt=1;top=Otu2(99.7%);
Uniq69;size=4;	match	dqt=1;top=Otu4(99.7%);
Uniq70;size=4;	match	dqt=1;top=Otu1(99.7%);
Uniq71;size=4;	match	dqt=1;top=Otu1(99.7%);
Uniq72;size=4;	match	dqt=1;top=Otu4(99.7%);
Uniq73;size=4;	perfect	top=Otu3(100.0%);
Uniq74;size=4;	match	dqt=1;top=Otu1(99.7%);
Uniq75;size=4;	match	dqt=1;top=Otu3(99.7%);
Uniq76;size=4;	match	dqt=1;top=Otu2(99.7%);
Uniq77;size=4;	match	dqt=1;top=Otu3(99.7%);
Uniq78;size=4;	match	dqt=1;top=Otu3(99.7%);
Uniq79;size=4;	match	dqt=1;top=Otu2(99.7%);
Uniq80;size=4;	match	dqt=1;top=Otu3(99.7%);
Uniq81;size=4;	match	dqt=1;top=Otu1(99.7%);
Uniq82;size=4;	match	dqt=1;top=Otu1(99.7%);
Uniq83;size=4;	match	dqt=1;top=Otu2(99.7%);
Uniq84;size=4;	match	dqt=1;top=Otu1(99.7%);
Uniq85;size=4;	match	dqt=1;top=Otu3(99.7%);
Uniq86;size=4;	match	dqt=1;top=Otu2(99.7%);
Uniq87;size=4;	match	dqt=1;top=Otu2(99.7%);
Uniq88;size=4;	match	dqt=1;top=Otu3(99.7%);
Uniq89;size=4;	match	dqt=1;top=Otu2(99.7%);
Uniq90;size=4;	match	dqt=1;top=Otu6(99.7%);
Uniq91;size=4;	match	dqt=1;top=Otu2(99.7%);
Uniq92;size=4;	match	dqt=1;top=Otu3(99.7%);
Uniq93;size=4;	match	dqt=1;top=Otu3(99.7%);
Uniq94;size=4;	match	dqt=1;top=Otu3(99.7%);
Uniq95;size=4;	match	dqt=1;top=Otu4(99.7%);
Uniq96;size=4;	match	dqt=1;top=Otu2(99.7%);
Uniq97;size=4;	match	dqt=1;top=Otu6(99.7%);
Uniq98;size=4;	match	dqt=1;top=Otu1(99.7%);
Uniq99;size=4;	match	dqt=1;top=Otu2(99.7%);
Uniq100;size=4;	match	dqt=1;top=Otu2(99.7%);
Uniq101;size=4;	match	dqt=1;top=Otu2(99.7%);
Uniq102;size=4;	match	dqt=1;top=Otu1(99.7%);
Uniq103;size=4;	match	dqt=1;top=Otu2(99.7%);
Uniq104;size=4;	match	dqt=1;top=Otu4(99.7%);
Uniq105;size=4;	match	dqt=1;top=Otu2(99.7%);
Uniq106;size=4;	match	dqt=1;top=Otu1(99.7%);
Uniq107;size=3;	match	dqt=1;top=Otu1(99.7%);
Uniq108;size=3;	match	dqt=1;top=Otu2(99.7%);
Uniq109;size=3;	match	dqt=1;top=Otu3(99.7%);
Uniq110;size=3;	match	dqt=1;top=Otu2(99.7%);
Uniq111;size=3;	match	dqt=1;top=Otu1(99.7%);
Uniq112;size=3;	match	dqt=1;top=Otu2(99.7%);
Uniq113;size=3;	match	dqt=1;top=Otu2(99.7%);
Uniq114;size=3;	match	dqt=1;top=Otu3(99.7%);
Uniq115;size=3;	match	dqt=1;top=Otu5(99.7%);
Uniq116;size=3;	match	dqt=1;top=Otu2(99.7%);
Uniq117;size=3;	match	dqt=1;top=Otu2(99.7%);
Uniq118;size=3;	match	dqt=1;top=Otu1(99.7%);
Uniq119;size=3;	match	dqt=1;top=Otu3(99.7%);
Uniq120;size=3;	match	dqt=1;top=Otu3(99.7%);
Uniq121;size=3;	match	dqt=1;top=Otu3(99.7%);
Uniq122;size=3;	match	dqt=1;top=Otu3(99.7%);
Uniq123;size=3;	match	dqt=1;top=Otu1(99.7%);
Uniq124;size=3;	match	dqt=1;top=Otu4(99.7%);
Uniq125;size=3;	match	dqt=1;top=Otu5(99.7%);
Uniq126;size=3;	match	dqt=1;top=Otu1(99.7%);
Uniq127;size=3;	match	dqt=1;top=Otu3(99.7%);
Uniq128;size=3;	match	dqt=1;top=Otu3(99.7%);
Uniq129;size=3;	match	dqt=1;top=Otu1(99.7%);
Uniq130;size=3;	match	dqt=1;top=Otu3(99.7%);
Uniq131;size=3;	match	dqt=1;top=Otu1(99.7%);
Uniq132;size=3;	match	dqt=1;top=Otu3(99.7%);
Uniq133;size=3;	match	dqt=1;top=Otu1(99.7%);
Uniq134;size=3;	match	dqt=1;top=Otu2(99.7%);
Uniq135;size=3;	match	dqt=1;top=Otu1(99.7%);
Uniq136;size=3;	match	dqt=1;top=Otu2(99.7%);
Uniq137;size=3;	match	dqt=1;top=Otu2(99.7%);
Uniq138;size=3;	match	dqt=1;top=Otu3(99.7%);
Uniq139;size=3;	match	dqt=1;top=Otu3(99.7%);
Uniq140;size=3;	match	dqt=1;top=Otu4(99.7%);
Uniq141;size=3;	match	dqt=1;top=Otu4(99.7%);
Uniq142;size=3;	match	dqt=1;top=Otu2(99.7%);
Uniq143;size=3;	match	dqt=1;top=Otu3(99.7%);
Uniq144;size=3;	match	dqt=1;top=Otu2(99.7%);
Uniq145;size=3;	match	dqt=1;top=Otu2(99.7%);
Uniq146;size=3;	match	dqt=1;top=Otu3(99.7%);
Uniq147;size=3;	match	dqt=1;top=Otu5(99.7%);
Uniq148;size=3;	match	dqt=1;top=Otu4(99.7%);
Uniq149;size=3;	match	dqt=1;top=Otu2(99.7%);
Uniq150;size=3;	match	dqt=1;top=Otu3(99.7%);
Uniq151;size=3;	match	dqt=1;top=Otu1(99.7%);
Uniq152;size=3;	match	dqt=1;top=Otu1(99.7%);
Uniq153;size=3;	match	dqt=1;top=Otu4(99.7%);
Uniq154;size=3;	match	dqt=1;top=Otu1(99.7%);
Uniq155;size=3;	match	dqt=1;top=Otu1(99.7%);
Uniq156;size=3;	match	dqt=1;top=Otu2(99.7%);
Uniq157;size=3;	match	dqt=1;top=Otu4(99.7%);
Uniq158;size=3;	match	dqt=1;top=Otu3(99.7%);
Uniq159;size=3;	match	dqt=1;top=Otu2(99.7%);
Uniq160;size=3;	match	dqt=1;top=Otu3(99.7%);
Uniq161;size=3;	match	dqt=1;top=Otu1(99.7%);
Uniq162;size=3;	match	dqt=1;top=Otu2(99.7%);
Uniq163;size=3;	match	dqt=1;top=Otu1(99.7%);
Uniq164;size=3;	match	dqt=1;top=Otu4(99.7%);
Uniq165;size=3;	match	dqt=1;top=Otu2(99.7%);
Uniq166;size=3;	match	dqt=1;top=Otu2(99.7%);
Uniq167;size=3;	match	dqt=1;top=Otu3(99.7%);
Uniq168;size=3;	match	dqt=1;top=Otu3(99.7%);
Uniq169;size=3;	match	dqt=1;top=Otu1(99.7%);
Uniq170;size=3;	match	dqt=1;top=Otu2(99.7%);
Uniq171;size=3;	match	dqt=1;top=Otu1(99.7%);
Uniq172;size=3;	match	dqt=1;top=Otu2(99.7%);
Uniq173;size=3;	match	dqt=1;top=Otu4(99.7%);
Uniq174;size=3;	match	dqt=1;top=Otu4(99.7%);
Uniq175;size=3;	match	dqt=1;top=Otu6(99.7%);
Uniq176;size=3;	match	dqt=1;top=Otu1(99.7%);
Uniq177;size=3;	match	dqt=1;top=Otu2(99.7%);
Uniq178;size=3;	match	dqt=1;top=Otu3(99.7%);
Uniq179;size=3;	match	dqt=1;top=Otu2(99.7%);
Uniq180;size=3;	match	dqt=1;top=Otu4(99.7%);
Uniq181;size=3;	match	dqt=1;top=Otu3(99.7%);
Uniq182;size=3;	match	dqt=1;top=Otu3(99.7%);
Uniq183;size=3;	match	dqt=1;top=Otu4(99.7%);
Uniq184;size=3;	match	dqt=1;top=Otu4(99.7%);
Uniq185;size=3;	match	dqt=1;top=Otu2(99.7%);
Uniq186;size=3;	match	dqt=1;top=Otu2(99.7%);
Uniq187;size=3;	match	dqt=1;top=Otu6(99.7%);
Uniq188;size=3;	match	dqt=1;top=Otu4(99.7%);
Uniq189;size=3;	match	dqt=1;top=Otu3(99.7%);
Uniq190;size=3;	match	dqt=1;top=Otu2(99.7%);
Uniq191;size=3;	match	dqt=1;top=Otu1(99.7%);
Uniq192;size=3;	match	dqt=1;top=Otu3(99.7%);
Uniq193;size=3;	match	dqt=1;top=Otu6(99.7%);
Uniq194;size=3;	match	dqt=1;top=Otu1(99.7%);
Uniq195;size=3;	match	dqt=1;top=Otu4(99.7%);
Uniq196;size=3;	match	dqt=1;top=Otu3(99.7%);
Uniq197;size=3;	match	dqt=1;top=Otu3(99.7%);
Uniq198;size=3;	match	dqt=1;top=Otu4(99.7%);
Uniq199;size=3;	match	dqt=1;top=Otu2(99.7%);
Uniq200;size=3;	match	dqt=1;top=Otu3(99.7%);
Uniq201;size=3;	match	dqt=1;top=Otu3(99.7%);
Uniq202;size=3;	match	dqt=1;top=Otu1(99.7%);
Uniq203;size=3;	match	dqt=1;top=Otu3(99.7%);
Uniq204;size=3;	match	dqt=1;top=Otu3(99.7%);
Uniq205;size=3;	match	dqt=1;top=Otu2(99.7%);
Uniq206;size=3;	match	dqt=1;top=Otu1(99.7%);
Uniq207;size=3;	match	dqt=1;top=Otu3(99.7%);
Uniq208;size=3;	perfect	top=Otu2(100.0%);
Uniq209;size=3;	match	dqt=1;top=Otu1(99.7%);
Uniq210;size=3;	match	dqt=1;top=Otu1(99.7%);
Uniq211;size=3;	match	dqt=1;top=Otu4(99.7%);
Uniq212;size=3;	match	dqt=1;top=Otu3(99.7%);
Uniq213;size=3;	match	dqt=1;top=Otu1(99.7%);
Uniq214;size=3;	match	dqt=1;top=Otu3(99.7%);
Uniq215;size=2;	match	dqt=1;top=Otu4(99.7%);
Uniq216;size=2;	match	dqt=1;top=Otu6(99.7%);
Uniq217;size=2;	match	dqt=1;top=Otu1(99.7%);
Uniq218;size=2;	match	dqt=1;top=Otu4(99.7%);
Uniq219;size=2;	match	dqt=1;top=Otu3(99.7%);
Uniq220;size=2;	match	dqt=1;top=Otu2(99.7%);
Uniq221;size=2;	match	dqt=1;top=Otu3(99.7%);
Uniq222;size=2;	match	dqt=1;top=Otu1(99.7%);
Uniq223;size=2;	match	dqt=1;top=Otu1(99.7%);
Uniq224;size=2;	match	dqt=1;top=Otu6(99.7%);
Uniq225;size=2;	match	dqt=1;top=Otu1(99.7%);
Uniq226;size=2;	match	dqt=1;top=Otu5(99.7%);
Uniq227;size=2;	match	dqt=1;top=Otu1(99.7%);
Uniq228;size=2;	match	dqt=1;top=Otu4(99.7%);
Uniq229;size=2;	match	dqt=1;top=Otu1(99.7%);
Uniq230;size=2;	match	dqt=1;top=Otu1(99.7%);
Uniq231;size=2;	match	dqt=1;top=Otu2(99.7%);
Uniq232;size=2;	match	dqt=1;top=Otu1(99.7%);
Uniq233;size=2;	match	dqt=1;top=Otu3(99.7%);
Uniq234;size=2;	match	dqt=1;top=Otu3(99.7%);
Uniq235;size=2;	match	dqt=1;top=Otu1(99.7%);
Uniq236;size=2;	match	dqt=1;top=Otu4(99.7%);
Uniq237;size=2;	match	dqt=1;top=Otu2(99.7%);
Uniq238;size=2;	match	dqt=1;top=Otu2(99.7%);
Uniq239;size=2;	match	dqt=1;top=Otu2(99.7%);
Uniq240;size=2;	otu10	dqt=99;
Uniq241;size=2;	match	dqt=1;top=Otu3(99.7%);
Uniq242;size=2;	match	dqt=1;top=Otu2(99.7%);
Uniq243;size=2;	match	dqt=1;top=Otu1(99.7%);
Uniq244;size=2;	match	dqt=1;top=Otu4(99.7%);
Uniq245;size=2;	match	dqt=1;top=Otu2(99.7%);
Uniq246;size=2;	match	dqt=1;top=Otu4(99.7%);
Uniq247;size=2;	match	dqt=1;top=Otu4(99.7%);
Uniq248;size=2;	match	dqt=1;top=Otu1(99.7%);
Uniq249;size=2;	match	dqt=1;top=Otu2(99.7%);
Uniq250;size=2;	match	dqt=1;top=Otu2(99.7%);
Uniq251;size=2;	match	dqt=1;top=Otu3(99.7%);
Uniq252;size=2;	match	dqt=1;top=Otu1(99.7%);
Uniq253;size=2;	match	dqt=1;top=Otu4(99.7%);
Uniq254;size=2;	match	dqt=1;top=Otu1(99.7%);
Uniq255;size=2;	match	dqt=1;top=Otu3(99.7%);
Uniq256;size=2;	match	dqt=1;top=Otu2(99.7%);
Uniq257;size=2;	otu11	dqt=19;top=Otu6(94.3%);
Uniq258;size=2;	match	dqt=1;top=Otu1(99.7%);
Uniq259;size=2;	match	dqt=1;top=Otu6(99.7%);
Uniq260;size=2;	match	dqt=1;top=Otu2(99.7%);
Uniq261;size=2;	match	dqt=1;top=Otu3(99.7%);
Uniq262;size=2;	match	dqt=1;top=Otu3(99.7%);
Uniq263;size=2;	match	dqt=1;top=Otu3(99.7%);
Uniq264;size=2;	match	dqt=1;top=Otu2(99.7%);
Uniq265;size=2;	match	dqt=1;top=Otu4(99.7%);
Uniq266;size=2;	match	dqt=1;top=Otu2(99.7%);
Uniq267;size=2;	match	dqt=1;top=Otu5(99.7%);
Uniq268;size=2;	match	dqt=1;top=Otu1(99.7%);
Uniq269;size=2;	match	dqt=1;top=Otu2(99.7%);
Uniq270;size=2;	match	dqt=1;top=Otu4(99.7%);
Uniq271;size=2;	match	dqt=1;top=Otu6(99.7%);
Uniq272;size=2;	match	dqt=1;top=Otu2(99.7%);
Uniq273;size=2;	match	dqt=1;top=Otu2(99.7%);
Uniq274;size=2;	match	dqt=1;top=Otu1(99.7%);
Uniq275;size=2;	match	dqt=1;top=Otu3(99.7%);
Uniq276;size=2;	match	dqt=1;top=Otu4(99.7%);
Uniq277;size=2;	match	dqt=1;top=Otu1(99.7%);
Uniq278;size=2;	match	dqt=1;top=Otu1(99.7%);
Uniq279;size=2;	match	dqt=1;top=Otu1(99.7%);
Uniq280;size=2;	match	dqt=1;top=Otu2(99.7%);
Uniq281;size=2;	match	dqt=1;top=Otu2(99.7%);
Uniq282;size=2;	otu12	dqt=19;top=Otu6(94.3%);
Uniq283;size=2;	match	dqt=1;top=Otu2(99.7%);
Uniq284;size=2;	match	dqt=1;top=Otu2(99.7%);
Uniq285;size=2;	match	dqt=1;top=Otu4(99.7%);
Uniq286;size=2;	match	dqt=1;top=Otu1(99.7%);
Uniq287;size=2;	match	dqt=1;top=Otu4(99.7%);
Uniq288;size=2;	match	dqt=1;top=Otu3(99.7%);
Uniq289;size=2;	match	dqt=1;top=Otu4(99.7%);
Uniq290;size=2;	match	dqt=2;top=Otu2(99.4%);
Uniq291;size=2;	match	dqt=1;top=Otu1(99.7%);
Uniq292;size=2;	match	dqt=1;top=Otu3(99.7%);
Uniq293;size=2;	match	dqt=1;top=Otu5(99.7%);
Uniq294;size=2;	match	dqt=1;top=Otu3(99.7%);
Uniq295;size=2;	match	dqt=1;top=Otu1(99.7%);
Uniq296;size=2;	match	dqt=1;top=Otu3(99.7%);
Uniq297;size=2;	match	dqt=1;top=Otu3(99.7%);
Uniq298;size=2;	match	dqt=1;top=Otu2(99.7%);
Uniq299;size=2;	match	dqt=1;top=Otu3(99.7%);
Uniq300;size=2;	match	dqt=1;top=Otu3(99.7%);
Uniq301;size=2;	match	dqt=1;top=Otu2(99.7%);
Uniq302;size=2;	match	dqt=1;top=Otu3(99.7%);
Uniq303;size=2;	match	dqt=1;top=Otu2(99.7%);
Uniq304;size=2;	match	dqt=1;top=Otu3(99.7%);
Uniq305;size=2;	match	dqt=1;top=Otu4(99.7%);
Uniq306;size=2;	match	dqt=1;top=Otu2(99.7%);
Uniq307;size=2;	match	dqt=1;top=Otu2(99.7%);
Uniq308;size=2;	match	dqt=1;top=Otu1(99.7%);
Uniq309;size=2;	match	dqt=1;top=Otu3(99.7%);
Uniq310;size=2;	match	dqt=1;top=Otu3(99.7%);
Uniq311;size=2;	match	dqt=1;top=Otu3(99.7%);
Uniq312;size=2;	match	dqt=1;top=Otu3(99.7%);
Uniq313;size=2;	match	dqt=1;top=Otu4(99.7%);
Uniq314;size=2;	match	dqt=1;top=Otu4(99.7%);
Uniq315;size=2;	match	dqt=1;top=Otu2(99.7%);
Uniq316;size=2;	match	dqt=1;top=Otu1(99.7%);
Uniq317;size=2;	match	dqt=1;top=Otu3(99.7%);
Uniq318;size=2;	match	dqt=1;top=Otu1(99.7%);
Uniq319;size=2;	match	dqt=1;top=Otu1(99.7%);
Uniq320;size=2;	match	dqt=1;top=Otu1(99.7%);
Uniq321;size=2;	match	dqt=1;top=Otu3(99.7%);
Uniq322;size=2;	match	dqt=1;top=Otu2(99.7%);
Uniq323;size=2;	match	dqt=1;top=Otu4(99.7%);
Uniq324;size=2;	match	dqt=1;top=Otu4(99.7%);
Uniq325;size=2;	match	dqt=1;top=Otu3(99.7%);
Uniq326;size=2;	match	dqt=1;top=Otu1(99.7%);
Uniq327;size=2;	match	dqt=1;top=Otu1(99.7%);
Uniq328;size=2;	match	dqt=1;top=Otu1(99.7%);
Uniq329;size=2;	match	dqt=1;top=Otu2(99.7%);
Uniq330;size=2;	match	dqt=1;top=Otu2(99.7%);
Uniq331;size=2;	match	dqt=1;top=Otu2(99.7%);
Uniq332;size=2;	match	dqt=1;top=Otu3(99.7%);
Uniq333;size=2;	match	dqt=1;top=Otu3(99.7%);
Uniq334;size=2;	match	dqt=1;top=Otu3(99.7%);
Uniq335;size=2;	match	dqt=1;top=Otu2(99.7%);
Uniq336;size=2;	match	dqt=1;top=Otu3(99.7%);
Uniq337;size=2;	match	dqt=2;top=Otu4(99.4%);
Uniq338;size=2;	match	dqt=1;top=Otu2(99.7%);
Uniq339;size=2;	match	dqt=1;top=Otu3(99.7%);
Uniq340;size=2;	match	dqt=1;top=Otu2(99.7%);
Uniq341;size=2;	match	dqt=1;top=Otu1(99.7%);
Uniq342;size=2;	match	dqt=1;top=Otu4(99.7%);
Uniq343;size=2;	match	dqt=1;top=Otu4(99.7%);
Uniq344;size=2;	match	dqt=1;top=Otu3(99.7%);
Uniq345;size=2;	match	dqt=1;top=Otu1(99.7%);
Uniq346;size=2;	match	dqt=1;top=Otu4(99.7%);
Uniq347;size=2;	match	dqt=1;top=Otu3(99.7%);
Uniq348;size=2;	match	dqt=1;top=Otu4(99.7%);
Uniq349;size=2;	match	dqt=1;top=Otu2(99.7%);
Uniq350;size=2;	match	dqt=1;top=Otu1(99.7%);
Uniq351;size=2;	match	dqt=1;top=Otu2(99.7%);
Uniq352;size=2;	match	dqt=1;top=Otu3(99.7%);
Uniq353;size=2;	match	dqt=1;top=Otu3(99.7%);
Uniq354;size=2;	match	dqt=1;top=Otu3(99.7%);
Uniq355;size=2;	match	dqt=1;top=Otu2(99.7%);
Uniq356;size=2;	match	dqt=1;top=Otu4(99.7%);
Uniq357;size=2;	match	dqt=1;top=Otu2(99.7%);
Uniq358;size=2;	match	dqt=1;top=Otu1(99.7%);
Uniq359;size=2;	match	dqt=1;top=Otu4(99.7%);
Uniq360;size=2;	match	dqt=1;top=Otu4(99.7%);
Uniq361;size=2;	match	dqt=1;top=Otu1(99.7%);
Uniq362;size=2;	match	dqt=1;top=Otu2(99.7%);
Uniq363;size=2;	match	dqt=1;top=Otu3(99.7%);
Uniq364;size=2;	match	dqt=1;top=Otu2(99.7%);
Uniq365;size=2;	match	dqt=1;top=Otu1(99.7%);
Uniq366;size=2;	match	dqt=1;top=Otu1(99.7%);
Uniq367;size=2;	match	dqt=1;top=Otu3(99.7%);
Uniq368;size=2;	match	dqt=1;top=Otu3(99.7%);
Uniq369;size=2;	match	dqt=1;top=Otu2(99.7%);
Uniq370;size=2;	match	dqt=1;top=Otu4(99.7%);
Uniq371;size=2;	match	dqt=1;top=Otu4(99.7%);
Uniq372;size=2;	match	dqt=1;top=Otu2(99.7%);
Uniq373;size=2;	match	dqt=1;top=Otu4(99.7%);
Uniq374;size=2;	match	dqt=1;top=Otu6(99.7%);
Uniq375;size=2;	match	dqt=1;top=Otu5(99.7%);
Uniq376;size=2;	match	dqt=1;top=Otu2(99.7%);
Uniq377;size=2;	match	dqt=1;top=Otu5(99.7%);
Uniq378;size=2;	perfect_chimera	dqt=35;dqm=0;div=10.5;segs=2;parents=Otu3(1-220/0)+Otu2(220-331/0);
Uniq379;size=2;	match	dqt=1;top=Otu4(99.7%);
Uniq380;size=2;	match	dqt=1;top=Otu3(99.7%);
Uniq381;size=2;	match	dqt=1;top=Otu3(99.7%);
Uniq382;size=2;	match	dqt=1;top=Otu3(99.7%);
Uniq383;size=2;	match	dqt=1;top=Otu1(99.7%);
Uniq384;size=2;	match	dqt=1;top=Otu2(99.7%);
Uniq385;size=2;	match	dqt=1;top=Otu2(99.7%);
Uniq386;size=2;	match	dqt=1;top=Otu1(99.7%);
Uniq387;size=2;	match	dqt=1;top=Otu1(99.7%);
Uniq388;size=2;	match	dqt=1;top=Otu1(99.7%);
Uniq389;size=2;	match	dqt=1;top=Otu2(99.7%);
Uniq390;size=2;	match	dqt=1;top=Otu4(99.7%);
Uniq391;size=2;	match	dqt=1;top=Otu3(99.7%);
Uniq392;size=2;	match	dqt=1;top=Otu2(99.7%);
Uniq393;size=2;	match	dqt=1;top=Otu1(99.7%);
Uniq394;size=2;	match	dqt=1;top=Otu3(99.7%);
Uniq395;size=2;	match	dqt=1;top=Otu4(99.7%);
Uniq396;size=2;	match	dqt=1;top=Otu1(99.7%);
Uniq397;size=2;	match	dqt=1;top=Otu2(99.7%);
Uniq398;size=2;	match	dqt=1;top=Otu3(99.7%);
Uniq399;size=2;	match	dqt=1;top=Otu6(99.7%);
Uniq400;size=2;	match	dqt=1;top=Otu3(99.7%);
Uniq401;size=2;	match	dqt=1;top=Otu5(99.7%);
Uniq402;size=2;	match	dqt=1;top=Otu1(99.7%);
Uniq403;size=2;	match	dqt=1;top=Otu3(99.7%);
Uniq404;size=2;	match	dqt=1;top=Otu4(99.7%);
Uniq405;size=2;	match	dqt=1;top=Otu3(99.7%);
Uniq406;size=2;	match	dqt=1;top=Otu3(99.7%);
Uniq407;size=2;	match	dqt=1;top=Otu3(99.7%);
Uniq408;size=2;	match	dqt=1;top=Otu4(99.7%);
Uniq409;size=2;	match	dqt=1;top=Otu3(99.7%);
Uniq410;size=2;	match	dqt=1;top=Otu3(99.7%);
Uniq411;size=2;	match	dqt=1;top=Otu2(99.7%);
Uniq412;size=2;	otu13	dqt=83;
Uniq413;size=2;	match	dqt=1;top=Otu4(99.7%);
Uniq414;size=2;	match	dqt=1;top=Otu1(99.7%);
Uniq415;size=2;	match	dqt=1;top=Otu2(99.7%);
Uniq416;size=2;	match	dqt=1;top=Otu2(99.7%);
Uniq417;size=2;	match	dqt=1;top=Otu1(99.7%);
Uniq418;size=2;	match	dqt=1;top=Otu4(99.7%);
Uniq419;size=2;	match	dqt=1;top=Otu6(99.7%);
Uniq420;size=2;	match	dqt=1;top=Otu4(99.7%);
Uniq421;size=2;	match	dqt=1;top=Otu3(99.7%);
Uniq422;size=2;	match	dqt=1;top=Otu5(99.7%);
Uniq423;size=2;	match	dqt=1;top=Otu4(99.7%);
Uniq424;size=2;	match	dqt=1;top=Otu2(99.7%);
Uniq425;size=2;	match	dqt=1;top=Otu3(99.7%);
Uniq426;size=2;	match	dqt=1;top=Otu4(99.7%);
Uniq427;size=2;	match	dqt=1;top=Otu3(99.7%);
Uniq428;size=2;	match	dqt=1;top=Otu1(99.7%);
Uniq429;size=2;	match	dqt=1;top=Otu4(99.7%);
Uniq430;size=2;	match	dqt=1;top=Otu1(99.7%);
Uniq431;size=2;	match	dqt=1;top=Otu3(99.7%);
Uniq432;size=2;	match	dqt=1;top=Otu1(99.7%);
Uniq433;size=2;	match	dqt=1;top=Otu2(99.7%);
Uniq434;size=2;	match	dqt=1;top=Otu5(99.7%);
Uniq435;size=2;	match	dqt=1;top=Otu2(99.7%);
Uniq436;size=2;	match	dqt=1;top=Otu3(99.7%);
Uniq437;size=2;	match	dqt=1;top=Otu5(99.7%);
Uniq438;size=2;	match	dqt=1;top=Otu1(99.7%);
Uniq439;size=2;	match	dqt=1;top=Otu3(99.7%);
Uniq440;size=2;	match	dqt=1;top=Otu2(99.7%);
Uniq441;size=2;	match	dqt=1;top=Otu5(99.7%);
Uniq442;size=2;	match	dqt=1;top=Otu2(99.7%);
Uniq443;size=2;	match	dqt=1;top=Otu3(99.7%);
Uniq444;size=2;	match	dqt=1;top=Otu2(99.7%);
Uniq445;size=2;	match	dqt=1;top=Otu2(99.7%);
Uniq446;size=2;	match	dqt=1;top=Otu2(99.7%);
Uniq447;size=2;	match	dqt=1;top=Otu4(99.7%);
Uniq448;size=2;	match	dqt=1;top=Otu5(99.7%);
Uniq449;size=2;	match	dqt=1;top=Otu3(99.7%);
Uniq450;size=2;	match	dqt=1;top=Otu4(99.7%);
Uniq451;size=2;	match	dqt=1;top=Otu3(99.7%);
Uniq452;size=2;	match	dqt=1;top=Otu4(99.7%);
Uniq453;size=2;	match	dqt=1;top=Otu1(99.7%);
Uniq454;size=2;	match	dqt=1;top=Otu2(99.7%);
Uniq455;size=2;	match	dqt=1;top=Otu3(99.7%);
Uniq456;size=2;	match	dqt=1;top=Otu2(99.7%);
Uniq457;size=2;	match	dqt=1;top=Otu1(99.7%);
Uniq458;size=2;	match	dqt=1;top=Otu1(99.7%);
Uniq459;size=2;	match	dqt=1;top=Otu1(99.7%);
Uniq460;size=2;	match	dqt=1;top=Otu3(99.7%);
Uniq461;size=2;	match	dqt=1;top=Otu3(99.7%);
Uniq462;size=2;	match	dqt=1;top=Otu1(99.7%);
Uniq463;size=2;	match	dqt=1;top=Otu1(99.7%);
Uniq464;size=2;	match	dqt=1;top=Otu6(99.7%);
Uniq465;size=2;	match	dqt=1;top=Otu2(99.7%);
Uniq466;size=2;	match	dqt=1;top=Otu2(99.7%);
Uniq467;size=2;	match	dqt=1;top=Otu3(99.7%);
Uniq468;size=2;	match	dqt=1;top=Otu3(99.7%);
Uniq469;size=2;	match	dqt=1;top=Otu1(99.7%);
Uniq470;size=2;	match	dqt=1;top=Otu4(99.7%);
Uniq471;size=2;	match	dqt=1;top=Otu4(99.7%);
Uniq472;size=2;	match	dqt=1;top=Otu1(99.7%);
Uniq473;size=2;	match	dqt=1;top=Otu4(99.7%);
Uniq474;size=2;	match	dqt=1;top=Otu4(99.7%);
Uniq475;size=2;	match	dqt=1;top=Otu4(99.7%);
Uniq476;size=2;	match	dqt=1;top=Otu2(99.7%);
Uniq477;size=2;	match	dqt=1;top=Otu1(99.7%);
Uniq478;size=2;	match	dqt=1;top=Otu1(99.7%);
Uniq479;size=2;	match	dqt=1;top=Otu3(99.7%);
Uniq480;size=2;	match	dqt=1;top=Otu4(99.7%);
Uniq481;size=2;	match	dqt=1;top=Otu1(99.7%);
Uniq482;size=2;	match	dqt=1;top=Otu2(99.7%);
Uniq483;size=2;	match	dqt=1;top=Otu1(99.7%);
Uniq484;size=2;	match	dqt=1;top=Otu4(99.7%);
Uniq485;size=2;	match	dqt=1;top=Otu3(99.7%);
Uniq486;size=2;	match	dqt=1;top=Otu2(99.7%);
Uniq487;size=2;	match	dqt=1;top=Otu2(99.7%);
Uniq488;size=2;	match	dqt=1;top=Otu2(99.7%);
Uniq489;size=2;	perfect	top=Otu1(100.0%);
Uniq490;size=2;	match	dqt=1;top=Otu1(99.7%);
Uniq491;size=2;	match	dqt=1;top=Otu1(99.7%);
Uniq492;size=2;	match	dqt=1;top=Otu4(99.7%);
Uniq493;size=2;	match	dqt=1;top=Otu2(99.7%);
Uniq494;size=2;	match	dqt=1;top=Otu3(99.7%);
Uniq495;size=2;	match	dqt=1;top=Otu4(99.7%);
Uniq496;size=2;	match	dqt=1;top=Otu3(99.7%);
Uniq497;size=2;	match	dqt=1;top=Otu2(99.7%);
Uniq498;size=2;	otu14	dqt=13;top=Otu7(96.0%);
Uniq499;size=2;	match	dqt=1;top=Otu1(99.7%);
Uniq500;size=2;	match	dqt=1;top=Otu1(99.7%);
Uniq501;size=2;	match	dqt=1;top=Otu4(99.7%);
Uniq502;size=2;	match	dqt=1;top=Otu3(99.7%);
Uniq503;size=2;	match	dqt=1;top=Otu4(99.7%);
Uniq504;size=2;	match	dqt=1;top=Otu1(99.7%);
Uniq505;size=2;	match	dqt=1;top=Otu1(99.7%);
Uniq506;size=2;	match	dqt=1;top=Otu4(99.7%);
Uniq507;size=2;	match	dqt=1;top=Otu1(99.7%);
Uniq508;size=2;	match	dqt=1;top=Otu5(99.7%);
Uniq509;size=2;	match	dqt=1;top=Otu3(99.7%);
Uniq510;size=2;	match	dqt=1;top=Otu4(99.7%);
Uniq511;size=2;	match	dqt=1;top=Otu3(99.7%);
Uniq512;size=2;	match	dqt=1;top=Otu6(99.7%);
Uniq513;size=2;	match	dqt=1;top=Otu1(99.7%);
Uniq514;size=2;	match	dqt=1;top=Otu4(99.7%);
